[     534ms] [LOG] [Telegram.WebView] > postEvent web_app_set_header_color {color_key: bg_color} @ https://telegram.org/js/telegram-web-app.js:134
[     534ms] [LOG] [Telegram.WebView] > postEvent web_app_set_bottom_bar_color {color: #ffffff} @ https://telegram.org/js/telegram-web-app.js:134
[     534ms] [LOG] [Telegram.WebView] > postEvent web_app_request_theme  @ https://telegram.org/js/telegram-web-app.js:134
[     534ms] [LOG] [Telegram.WebView] > postEvent web_app_request_viewport  @ https://telegram.org/js/telegram-web-app.js:134
[     534ms] [LOG] [Telegram.WebView] > postEvent web_app_request_safe_area  @ https://telegram.org/js/telegram-web-app.js:134
[     534ms] [LOG] [Telegram.WebView] > postEvent web_app_request_content_safe_area  @ https://telegram.org/js/telegram-web-app.js:134
[     672ms] [LOG] [Telegram.WebView] > postEvent web_app_ready  @ https://telegram.org/js/telegram-web-app.js:134
[     672ms] [LOG] [Telegram.WebView] > postEvent web_app_expand  @ https://telegram.org/js/telegram-web-app.js:134
[     672ms] [WARNING] [Telegram.WebApp] Header color is not supported in version 6.0 @ https://telegram.org/js/telegram-web-app.js:768
[     672ms] [WARNING] [Telegram.WebApp] Background color is not supported in version 6.0 @ https://telegram.org/js/telegram-web-app.js:824
[     672ms] [WARNING] [Telegram.WebApp] Closing confirmation is not supported in version 6.0 @ https://telegram.org/js/telegram-web-app.js:597
[    1444ms] [WARNING] [Telegram.WebApp] HapticFeedback is not supported in version 6.0 @ https://telegram.org/js/telegram-web-app.js:1477
[    1444ms] [WARNING] [Telegram.WebApp] HapticFeedback is not supported in version 6.0 @ https://telegram.org/js/telegram-web-app.js:1477
[    7174ms] [WARNING] [Telegram.WebApp] HapticFeedback is not supported in version 6.0 @ https://telegram.org/js/telegram-web-app.js:1477
[   31280ms] [WARNING] [Telegram.WebApp] HapticFeedback is not supported in version 6.0 @ https://telegram.org/js/telegram-web-app.js:1477
[   31280ms] [WARNING] [Telegram.WebApp] HapticFeedback is not supported in version 6.0 @ https://telegram.org/js/telegram-web-app.js:1477
[  104018ms] [WARNING] [Telegram.WebApp] HapticFeedback is not supported in version 6.0 @ https://telegram.org/js/telegram-web-app.js:1477
[  105507ms] [WARNING] [Telegram.WebApp] HapticFeedback is not supported in version 6.0 @ https://telegram.org/js/telegram-web-app.js:1477
[  105507ms] [WARNING] [Telegram.WebApp] HapticFeedback is not supported in version 6.0 @ https://telegram.org/js/telegram-web-app.js:1477
[  107116ms] [WARNING] [Telegram.WebApp] HapticFeedback is not supported in version 6.0 @ https://telegram.org/js/telegram-web-app.js:1477
[  109125ms] [ERROR] Failed to load resource: net::ERR_CONNECTION_REFUSED @ http://127.0.0.1:5099/froxy/api/chat:0
[  109125ms] [WARNING] [Telegram.WebApp] HapticFeedback is not supported in version 6.0 @ https://telegram.org/js/telegram-web-app.js:1477
[  109372ms] [ERROR] Failed to load resource: net::ERR_CONNECTION_REFUSED @ http://127.0.0.1:5099/froxy/assets/froxy_chat_logo_1783808162276.png:0
