[    2022ms] [LOG] [Telegram.WebView] > postEvent web_app_set_header_color {color_key: bg_color} @ https://telegram.org/js/telegram-web-app.js:134
[    2022ms] [LOG] [Telegram.WebView] > postEvent web_app_set_bottom_bar_color {color: #ffffff} @ https://telegram.org/js/telegram-web-app.js:134
[    2023ms] [LOG] [Telegram.WebView] > postEvent web_app_request_theme  @ https://telegram.org/js/telegram-web-app.js:134
[    2023ms] [LOG] [Telegram.WebView] > postEvent web_app_request_viewport  @ https://telegram.org/js/telegram-web-app.js:134
[    2023ms] [LOG] [Telegram.WebView] > postEvent web_app_request_safe_area  @ https://telegram.org/js/telegram-web-app.js:134
[    2023ms] [LOG] [Telegram.WebView] > postEvent web_app_request_content_safe_area  @ https://telegram.org/js/telegram-web-app.js:134
[    2025ms] [LOG] [Telegram.WebView] > postEvent web_app_ready  @ https://telegram.org/js/telegram-web-app.js:134
[    2025ms] [LOG] [Telegram.WebView] > postEvent web_app_expand  @ https://telegram.org/js/telegram-web-app.js:134
[    2025ms] [WARNING] [Telegram.WebApp] Header color is not supported in version 6.0 @ https://telegram.org/js/telegram-web-app.js:768
[    2025ms] [WARNING] [Telegram.WebApp] Background color is not supported in version 6.0 @ https://telegram.org/js/telegram-web-app.js:824
[    2677ms] [ERROR] Failed to load resource: the server responded with a status of 401 () @ https://froxy-bot-live.onrender.com/la/app/api/user/profile:0
[    2802ms] [ERROR] Failed to load resource: the server responded with a status of 404 () @ https://froxy-bot-live.onrender.com/favicon.ico:0
[    3325ms] [ERROR] Failed to load resource: the server responded with a status of 401 () @ https://froxy-bot-live.onrender.com/la/app/api/referrals/8797763469:0
[   18597ms] [ERROR] Failed to load resource: the server responded with a status of 401 () @ https://froxy-bot-live.onrender.com/la/app/api/balance/sync-orders:0
[   33577ms] [ERROR] Failed to load resource: the server responded with a status of 401 () @ https://froxy-bot-live.onrender.com/la/app/api/balance/sync-orders:0
[   48585ms] [ERROR] Failed to load resource: the server responded with a status of 401 () @ https://froxy-bot-live.onrender.com/la/app/api/balance/sync-orders:0
[   63571ms] [ERROR] Failed to load resource: the server responded with a status of 401 () @ https://froxy-bot-live.onrender.com/la/app/api/balance/sync-orders:0
[   78565ms] [ERROR] Failed to load resource: the server responded with a status of 401 () @ https://froxy-bot-live.onrender.com/la/app/api/balance/sync-orders:0
[   93579ms] [ERROR] Failed to load resource: the server responded with a status of 401 () @ https://froxy-bot-live.onrender.com/la/app/api/balance/sync-orders:0
[  108573ms] [ERROR] Failed to load resource: the server responded with a status of 401 () @ https://froxy-bot-live.onrender.com/la/app/api/balance/sync-orders:0
[  123574ms] [ERROR] Failed to load resource: the server responded with a status of 401 () @ https://froxy-bot-live.onrender.com/la/app/api/balance/sync-orders:0
[  138607ms] [ERROR] Failed to load resource: the server responded with a status of 401 () @ https://froxy-bot-live.onrender.com/la/app/api/balance/sync-orders:0
[  153573ms] [ERROR] Failed to load resource: the server responded with a status of 401 () @ https://froxy-bot-live.onrender.com/la/app/api/balance/sync-orders:0
[  168576ms] [ERROR] Failed to load resource: the server responded with a status of 401 () @ https://froxy-bot-live.onrender.com/la/app/api/balance/sync-orders:0
[  183583ms] [ERROR] Failed to load resource: the server responded with a status of 401 () @ https://froxy-bot-live.onrender.com/la/app/api/balance/sync-orders:0
[  198579ms] [ERROR] Failed to load resource: the server responded with a status of 401 () @ https://froxy-bot-live.onrender.com/la/app/api/balance/sync-orders:0
[  213582ms] [ERROR] Failed to load resource: the server responded with a status of 401 () @ https://froxy-bot-live.onrender.com/la/app/api/balance/sync-orders:0
[  228576ms] [ERROR] Failed to load resource: the server responded with a status of 401 () @ https://froxy-bot-live.onrender.com/la/app/api/balance/sync-orders:0
[  243576ms] [ERROR] Failed to load resource: the server responded with a status of 401 () @ https://froxy-bot-live.onrender.com/la/app/api/balance/sync-orders:0
[  258594ms] [ERROR] Failed to load resource: the server responded with a status of 401 () @ https://froxy-bot-live.onrender.com/la/app/api/balance/sync-orders:0
[  273594ms] [ERROR] Failed to load resource: the server responded with a status of 401 () @ https://froxy-bot-live.onrender.com/la/app/api/balance/sync-orders:0
[  288587ms] [ERROR] Failed to load resource: the server responded with a status of 401 () @ https://froxy-bot-live.onrender.com/la/app/api/balance/sync-orders:0
[  303588ms] [ERROR] Failed to load resource: the server responded with a status of 401 () @ https://froxy-bot-live.onrender.com/la/app/api/balance/sync-orders:0
[  318583ms] [ERROR] Failed to load resource: the server responded with a status of 401 () @ https://froxy-bot-live.onrender.com/la/app/api/balance/sync-orders:0
[  333576ms] [ERROR] Failed to load resource: the server responded with a status of 401 () @ https://froxy-bot-live.onrender.com/la/app/api/balance/sync-orders:0
[  348569ms] [ERROR] Failed to load resource: the server responded with a status of 401 () @ https://froxy-bot-live.onrender.com/la/app/api/balance/sync-orders:0
[  363581ms] [ERROR] Failed to load resource: the server responded with a status of 401 () @ https://froxy-bot-live.onrender.com/la/app/api/balance/sync-orders:0
[  378636ms] [ERROR] Failed to load resource: the server responded with a status of 401 () @ https://froxy-bot-live.onrender.com/la/app/api/balance/sync-orders:0
