[    1575ms] [LOG] [Telegram.WebView] > postEvent web_app_set_header_color {color_key: bg_color} @ https://telegram.org/js/telegram-web-app.js:134
[    1575ms] [LOG] [Telegram.WebView] > postEvent web_app_set_bottom_bar_color {color: #ffffff} @ https://telegram.org/js/telegram-web-app.js:134
[    1576ms] [LOG] [Telegram.WebView] > postEvent web_app_request_theme  @ https://telegram.org/js/telegram-web-app.js:134
[    1576ms] [LOG] [Telegram.WebView] > postEvent web_app_request_viewport  @ https://telegram.org/js/telegram-web-app.js:134
[    1576ms] [LOG] [Telegram.WebView] > postEvent web_app_request_safe_area  @ https://telegram.org/js/telegram-web-app.js:134
[    1576ms] [LOG] [Telegram.WebView] > postEvent web_app_request_content_safe_area  @ https://telegram.org/js/telegram-web-app.js:134
[    1577ms] [LOG] [Telegram.WebView] > postEvent web_app_ready  @ https://telegram.org/js/telegram-web-app.js:134
[    1577ms] [LOG] [Telegram.WebView] > postEvent web_app_expand  @ https://telegram.org/js/telegram-web-app.js:134
[    1578ms] [WARNING] [Telegram.WebApp] Header color is not supported in version 6.0 @ https://telegram.org/js/telegram-web-app.js:768
[    1578ms] [WARNING] [Telegram.WebApp] Background color is not supported in version 6.0 @ https://telegram.org/js/telegram-web-app.js:824
[    1578ms] [WARNING] [Telegram.WebApp] Closing confirmation is not supported in version 6.0 @ https://telegram.org/js/telegram-web-app.js:597
[    2051ms] [ERROR] Failed to load resource: the server responded with a status of 404 (NOT FOUND) @ http://127.0.0.1:8765/favicon.ico:0
[  103202ms] [LOG] [Telegram.WebView] > postEvent web_app_set_header_color {color_key: bg_color} @ https://telegram.org/js/telegram-web-app.js:134
[  103203ms] [LOG] [Telegram.WebView] > postEvent web_app_set_bottom_bar_color {color: #ffffff} @ https://telegram.org/js/telegram-web-app.js:134
[  103203ms] [LOG] [Telegram.WebView] > postEvent web_app_request_theme  @ https://telegram.org/js/telegram-web-app.js:134
[  103203ms] [LOG] [Telegram.WebView] > postEvent web_app_request_viewport  @ https://telegram.org/js/telegram-web-app.js:134
[  103203ms] [LOG] [Telegram.WebView] > postEvent web_app_request_safe_area  @ https://telegram.org/js/telegram-web-app.js:134
[  103204ms] [LOG] [Telegram.WebView] > postEvent web_app_request_content_safe_area  @ https://telegram.org/js/telegram-web-app.js:134
[  103240ms] [LOG] [Telegram.WebView] > postEvent web_app_ready  @ https://telegram.org/js/telegram-web-app.js:134
[  103240ms] [LOG] [Telegram.WebView] > postEvent web_app_expand  @ https://telegram.org/js/telegram-web-app.js:134
[  103240ms] [WARNING] [Telegram.WebApp] Header color is not supported in version 6.0 @ https://telegram.org/js/telegram-web-app.js:768
[  103240ms] [WARNING] [Telegram.WebApp] Background color is not supported in version 6.0 @ https://telegram.org/js/telegram-web-app.js:824
[  103240ms] [WARNING] [Telegram.WebApp] Closing confirmation is not supported in version 6.0 @ https://telegram.org/js/telegram-web-app.js:597
