[    2469ms] [LOG] [Telegram.WebView] > postEvent web_app_set_header_color {color_key: bg_color} @ https://telegram.org/js/telegram-web-app.js:134
[    2470ms] [LOG] [Telegram.WebView] > postEvent web_app_set_bottom_bar_color {color: #ffffff} @ https://telegram.org/js/telegram-web-app.js:134
[    2470ms] [LOG] [Telegram.WebView] > postEvent web_app_request_theme  @ https://telegram.org/js/telegram-web-app.js:134
[    2470ms] [LOG] [Telegram.WebView] > postEvent web_app_request_viewport  @ https://telegram.org/js/telegram-web-app.js:134
[    2470ms] [LOG] [Telegram.WebView] > postEvent web_app_request_safe_area  @ https://telegram.org/js/telegram-web-app.js:134
[    2470ms] [LOG] [Telegram.WebView] > postEvent web_app_request_content_safe_area  @ https://telegram.org/js/telegram-web-app.js:134
[    2472ms] [LOG] [Telegram.WebView] > postEvent web_app_ready  @ https://telegram.org/js/telegram-web-app.js:134
[    2472ms] [LOG] [Telegram.WebView] > postEvent web_app_expand  @ https://telegram.org/js/telegram-web-app.js:134
[    2472ms] [WARNING] [Telegram.WebApp] Header color is not supported in version 6.0 @ https://telegram.org/js/telegram-web-app.js:768
[    2473ms] [WARNING] [Telegram.WebApp] Background color is not supported in version 6.0 @ https://telegram.org/js/telegram-web-app.js:824
[    2473ms] [WARNING] [Telegram.WebApp] Closing confirmation is not supported in version 6.0 @ https://telegram.org/js/telegram-web-app.js:597
[    2908ms] [ERROR] Failed to load resource: the server responded with a status of 404 (NOT FOUND) @ http://127.0.0.1:8099/favicon.ico:0
[  134889ms] [LOG] [Telegram.WebView] > postEvent web_app_set_header_color {color_key: bg_color} @ https://telegram.org/js/telegram-web-app.js:134
[  134889ms] [LOG] [Telegram.WebView] > postEvent web_app_set_bottom_bar_color {color: #ffffff} @ https://telegram.org/js/telegram-web-app.js:134
[  134889ms] [LOG] [Telegram.WebView] > postEvent web_app_request_theme  @ https://telegram.org/js/telegram-web-app.js:134
[  134889ms] [LOG] [Telegram.WebView] > postEvent web_app_request_viewport  @ https://telegram.org/js/telegram-web-app.js:134
[  134889ms] [LOG] [Telegram.WebView] > postEvent web_app_request_safe_area  @ https://telegram.org/js/telegram-web-app.js:134
[  134889ms] [LOG] [Telegram.WebView] > postEvent web_app_request_content_safe_area  @ https://telegram.org/js/telegram-web-app.js:134
[  134900ms] [LOG] [Telegram.WebView] > postEvent web_app_ready  @ https://telegram.org/js/telegram-web-app.js:134
[  134900ms] [LOG] [Telegram.WebView] > postEvent web_app_expand  @ https://telegram.org/js/telegram-web-app.js:134
[  134900ms] [WARNING] [Telegram.WebApp] Header color is not supported in version 6.0 @ https://telegram.org/js/telegram-web-app.js:768
[  134900ms] [WARNING] [Telegram.WebApp] Background color is not supported in version 6.0 @ https://telegram.org/js/telegram-web-app.js:824
[  134900ms] [WARNING] [Telegram.WebApp] Closing confirmation is not supported in version 6.0 @ https://telegram.org/js/telegram-web-app.js:597
